<?xml version="1.0" encoding="ISO-8859-1" ?>
<link_info>
   <banner>TI ARM Linker PC v20.2.4.LTS</banner>
   <copyright>Copyright (c) 1996-2018 Texas Instruments Incorporated</copyright>
   <link_time>0x61a32e3b</link_time>
   <link_errors>0x0</link_errors>
   <output_file>cpre288-final-project.out</output_file>
   <entry_point>
      <name>_c_int00_noargs</name>
      <address>0x2905</address>
   </entry_point>
   <input_file_list>
      <input_file id="fl-2">
         <path>.\</path>
         <kind>object</kind>
         <file>Timer.obj</file>
         <name>Timer.obj</name>
      </input_file>
      <input_file id="fl-3">
         <path>.\</path>
         <kind>object</kind>
         <file>button.obj</file>
         <name>button.obj</name>
      </input_file>
      <input_file id="fl-4">
         <path>.\</path>
         <kind>object</kind>
         <file>lcd.obj</file>
         <name>lcd.obj</name>
      </input_file>
      <input_file id="fl-5">
         <path>.\</path>
         <kind>object</kind>
         <file>main.obj</file>
         <name>main.obj</name>
      </input_file>
      <input_file id="fl-6">
         <path>.\</path>
         <kind>object</kind>
         <file>object.obj</file>
         <name>object.obj</name>
      </input_file>
      <input_file id="fl-7">
         <path>.\</path>
         <kind>object</kind>
         <file>scan.obj</file>
         <name>scan.obj</name>
      </input_file>
      <input_file id="fl-8">
         <path>.\</path>
         <kind>object</kind>
         <file>servo.obj</file>
         <name>servo.obj</name>
      </input_file>
      <input_file id="fl-9">
         <path>.\</path>
         <kind>object</kind>
         <file>tm4c123gh6pm_startup_ccs.obj</file>
         <name>tm4c123gh6pm_startup_ccs.obj</name>
      </input_file>
      <input_file id="fl-e">
         <kind>object</kind>
         <file>&lt;internal&gt;</file>
         <name>&lt;internal&gt;</name>
      </input_file>
      <input_file id="fl-c4">
         <path>C:\ti\ccs1031\ccs\tools\compiler\ti-cgt-arm_20.2.4.LTS\lib\</path>
         <kind>archive</kind>
         <file>rtsv7M4_T_le_v4SPD16_eabi.lib</file>
         <name>vsnprintf.c.obj</name>
      </input_file>
      <input_file id="fl-c5">
         <path>C:\ti\ccs1031\ccs\tools\compiler\ti-cgt-arm_20.2.4.LTS\lib\</path>
         <kind>archive</kind>
         <file>rtsv7M4_T_le_v4SPD16_eabi.lib</file>
         <name>fd_div_t2.asm.obj</name>
      </input_file>
      <input_file id="fl-c6">
         <path>C:\ti\ccs1031\ccs\tools\compiler\ti-cgt-arm_20.2.4.LTS\lib\</path>
         <kind>archive</kind>
         <file>rtsv7M4_T_le_v4SPD16_eabi.lib</file>
         <name>fd_tos_t2.asm.obj</name>
      </input_file>
      <input_file id="fl-c7">
         <path>C:\ti\ccs1031\ccs\tools\compiler\ti-cgt-arm_20.2.4.LTS\lib\</path>
         <kind>archive</kind>
         <file>rtsv7M4_T_le_v4SPD16_eabi.lib</file>
         <name>i_tofd_t2.asm.obj</name>
      </input_file>
      <input_file id="fl-c8">
         <path>C:\ti\ccs1031\ccs\tools\compiler\ti-cgt-arm_20.2.4.LTS\lib\</path>
         <kind>archive</kind>
         <file>rtsv7M4_T_le_v4SPD16_eabi.lib</file>
         <name>memcpy_t2.asm.obj</name>
      </input_file>
      <input_file id="fl-c9">
         <path>C:\ti\ccs1031\ccs\tools\compiler\ti-cgt-arm_20.2.4.LTS\lib\</path>
         <kind>archive</kind>
         <file>rtsv7M4_T_le_v4SPD16_eabi.lib</file>
         <name>copy_zero_init.c.obj</name>
      </input_file>
      <input_file id="fl-ca">
         <path>C:\ti\ccs1031\ccs\tools\compiler\ti-cgt-arm_20.2.4.LTS\lib\</path>
         <kind>archive</kind>
         <file>rtsv7M4_T_le_v4SPD16_eabi.lib</file>
         <name>copy_decompress_none.c.obj</name>
      </input_file>
      <input_file id="fl-cb">
         <path>C:\ti\ccs1031\ccs\tools\compiler\ti-cgt-arm_20.2.4.LTS\lib\</path>
         <kind>archive</kind>
         <file>rtsv7M4_T_le_v4SPD16_eabi.lib</file>
         <name>copy_decompress_lzss.c.obj</name>
      </input_file>
      <input_file id="fl-cc">
         <path>C:\ti\ccs1031\ccs\tools\compiler\ti-cgt-arm_20.2.4.LTS\lib\</path>
         <kind>archive</kind>
         <file>rtsv7M4_T_le_v4SPD16_eabi.lib</file>
         <name>strcmp.c.obj</name>
      </input_file>
      <input_file id="fl-cd">
         <path>C:\ti\ccs1031\ccs\tools\compiler\ti-cgt-arm_20.2.4.LTS\lib\</path>
         <kind>archive</kind>
         <file>rtsv7M4_T_le_v4SPD16_eabi.lib</file>
         <name>strcpy.c.obj</name>
      </input_file>
      <input_file id="fl-ce">
         <path>C:\ti\ccs1031\ccs\tools\compiler\ti-cgt-arm_20.2.4.LTS\lib\</path>
         <kind>archive</kind>
         <file>rtsv7M4_T_le_v4SPD16_eabi.lib</file>
         <name>boot_cortex_m.c.obj</name>
      </input_file>
      <input_file id="fl-cf">
         <path>C:\ti\ccs1031\ccs\tools\compiler\ti-cgt-arm_20.2.4.LTS\lib\</path>
         <kind>archive</kind>
         <file>rtsv7M4_T_le_v4SPD16_eabi.lib</file>
         <name>_printfi.c.obj</name>
      </input_file>
      <input_file id="fl-d0">
         <path>C:\ti\ccs1031\ccs\tools\compiler\ti-cgt-arm_20.2.4.LTS\lib\</path>
         <kind>archive</kind>
         <file>rtsv7M4_T_le_v4SPD16_eabi.lib</file>
         <name>s_frexp.c.obj</name>
      </input_file>
      <input_file id="fl-d1">
         <path>C:\ti\ccs1031\ccs\tools\compiler\ti-cgt-arm_20.2.4.LTS\lib\</path>
         <kind>archive</kind>
         <file>rtsv7M4_T_le_v4SPD16_eabi.lib</file>
         <name>s_scalbn.c.obj</name>
      </input_file>
      <input_file id="fl-d2">
         <path>C:\ti\ccs1031\ccs\tools\compiler\ti-cgt-arm_20.2.4.LTS\lib\</path>
         <kind>archive</kind>
         <file>rtsv7M4_T_le_v4SPD16_eabi.lib</file>
         <name>s_copysign.c.obj</name>
      </input_file>
      <input_file id="fl-d3">
         <path>C:\ti\ccs1031\ccs\tools\compiler\ti-cgt-arm_20.2.4.LTS\lib\</path>
         <kind>archive</kind>
         <file>rtsv7M4_T_le_v4SPD16_eabi.lib</file>
         <name>ull_div_t2.asm.obj</name>
      </input_file>
      <input_file id="fl-d4">
         <path>C:\ti\ccs1031\ccs\tools\compiler\ti-cgt-arm_20.2.4.LTS\lib\</path>
         <kind>archive</kind>
         <file>rtsv7M4_T_le_v4SPD16_eabi.lib</file>
         <name>memset_t2.asm.obj</name>
      </input_file>
      <input_file id="fl-d5">
         <path>C:\ti\ccs1031\ccs\tools\compiler\ti-cgt-arm_20.2.4.LTS\lib\</path>
         <kind>archive</kind>
         <file>rtsv7M4_T_le_v4SPD16_eabi.lib</file>
         <name>fd_add_t2.asm.obj</name>
      </input_file>
      <input_file id="fl-d6">
         <path>C:\ti\ccs1031\ccs\tools\compiler\ti-cgt-arm_20.2.4.LTS\lib\</path>
         <kind>archive</kind>
         <file>rtsv7M4_T_le_v4SPD16_eabi.lib</file>
         <name>fd_cmp_t2.asm.obj</name>
      </input_file>
      <input_file id="fl-d7">
         <path>C:\ti\ccs1031\ccs\tools\compiler\ti-cgt-arm_20.2.4.LTS\lib\</path>
         <kind>archive</kind>
         <file>rtsv7M4_T_le_v4SPD16_eabi.lib</file>
         <name>fd_mul_t2.asm.obj</name>
      </input_file>
      <input_file id="fl-d8">
         <path>C:\ti\ccs1031\ccs\tools\compiler\ti-cgt-arm_20.2.4.LTS\lib\</path>
         <kind>archive</kind>
         <file>rtsv7M4_T_le_v4SPD16_eabi.lib</file>
         <name>fd_toi_t2.asm.obj</name>
      </input_file>
      <input_file id="fl-d9">
         <path>C:\ti\ccs1031\ccs\tools\compiler\ti-cgt-arm_20.2.4.LTS\lib\</path>
         <kind>archive</kind>
         <file>rtsv7M4_T_le_v4SPD16_eabi.lib</file>
         <name>autoinit.c.obj</name>
      </input_file>
      <input_file id="fl-da">
         <path>C:\ti\ccs1031\ccs\tools\compiler\ti-cgt-arm_20.2.4.LTS\lib\</path>
         <kind>archive</kind>
         <file>rtsv7M4_T_le_v4SPD16_eabi.lib</file>
         <name>pre_init.c.obj</name>
      </input_file>
      <input_file id="fl-db">
         <path>C:\ti\ccs1031\ccs\tools\compiler\ti-cgt-arm_20.2.4.LTS\lib\</path>
         <kind>archive</kind>
         <file>rtsv7M4_T_le_v4SPD16_eabi.lib</file>
         <name>cpy_tbl.c.obj</name>
      </input_file>
      <input_file id="fl-dc">
         <path>C:\ti\ccs1031\ccs\tools\compiler\ti-cgt-arm_20.2.4.LTS\lib\</path>
         <kind>archive</kind>
         <file>rtsv7M4_T_le_v4SPD16_eabi.lib</file>
         <name>exit.c.obj</name>
      </input_file>
      <input_file id="fl-dd">
         <path>C:\ti\ccs1031\ccs\tools\compiler\ti-cgt-arm_20.2.4.LTS\lib\</path>
         <kind>archive</kind>
         <file>rtsv7M4_T_le_v4SPD16_eabi.lib</file>
         <name>_lock.c.obj</name>
      </input_file>
      <input_file id="fl-de">
         <path>C:\ti\ccs1031\ccs\tools\compiler\ti-cgt-arm_20.2.4.LTS\lib\</path>
         <kind>archive</kind>
         <file>rtsv7M4_T_le_v4SPD16_eabi.lib</file>
         <name>_ltoa.c.obj</name>
      </input_file>
      <input_file id="fl-df">
         <path>C:\ti\ccs1031\ccs\tools\compiler\ti-cgt-arm_20.2.4.LTS\lib\</path>
         <kind>archive</kind>
         <file>rtsv7M4_T_le_v4SPD16_eabi.lib</file>
         <name>args_main.c.obj</name>
      </input_file>
      <input_file id="fl-e0">
         <path>C:\ti\ccs1031\ccs\tools\compiler\ti-cgt-arm_20.2.4.LTS\lib\</path>
         <kind>archive</kind>
         <file>rtsv7M4_T_le_v4SPD16_eabi.lib</file>
         <name>atoi.c.obj</name>
      </input_file>
      <input_file id="fl-e1">
         <path>C:\ti\ccs1031\ccs\tools\compiler\ti-cgt-arm_20.2.4.LTS\lib\</path>
         <kind>archive</kind>
         <file>rtsv7M4_T_le_v4SPD16_eabi.lib</file>
         <name>ctype.c.obj</name>
      </input_file>
      <input_file id="fl-e2">
         <path>C:\ti\ccs1031\ccs\tools\compiler\ti-cgt-arm_20.2.4.LTS\lib\</path>
         <kind>archive</kind>
         <file>rtsv7M4_T_le_v4SPD16_eabi.lib</file>
         <name>memccpy.c.obj</name>
      </input_file>
      <input_file id="fl-e3">
         <path>C:\ti\ccs1031\ccs\tools\compiler\ti-cgt-arm_20.2.4.LTS\lib\</path>
         <kind>archive</kind>
         <file>rtsv7M4_T_le_v4SPD16_eabi.lib</file>
         <name>strchr.c.obj</name>
      </input_file>
      <input_file id="fl-e4">
         <path>C:\ti\ccs1031\ccs\tools\compiler\ti-cgt-arm_20.2.4.LTS\lib\</path>
         <kind>archive</kind>
         <file>rtsv7M4_T_le_v4SPD16_eabi.lib</file>
         <name>strlen.c.obj</name>
      </input_file>
      <input_file id="fl-e5">
         <path>C:\ti\ccs1031\ccs\tools\compiler\ti-cgt-arm_20.2.4.LTS\lib\</path>
         <kind>archive</kind>
         <file>rtsv7M4_T_le_v4SPD16_eabi.lib</file>
         <name>errno.c.obj</name>
      </input_file>
      <input_file id="fl-e6">
         <path>C:\ti\ccs1031\ccs\tools\compiler\ti-cgt-arm_20.2.4.LTS\lib\</path>
         <kind>archive</kind>
         <file>rtsv7M4_T_le_v4SPD16_eabi.lib</file>
         <name>wcslen.c.obj</name>
      </input_file>
      <input_file id="fl-e7">
         <path>C:\ti\ccs1031\ccs\tools\compiler\ti-cgt-arm_20.2.4.LTS\lib\</path>
         <kind>archive</kind>
         <file>rtsv7M4_T_le_v4SPD16_eabi.lib</file>
         <name>div0.asm.obj</name>
      </input_file>
      <input_file id="fl-e8">
         <path>C:\ti\TivaWare_C_Series-2.1.4.178\driverlib\ccs\Debug\</path>
         <kind>archive</kind>
         <file>driverlib.lib</file>
         <name>interrupt.obj</name>
      </input_file>
      <input_file id="fl-e9">
         <path>C:\ti\TivaWare_C_Series-2.1.4.178\driverlib\ccs\Debug\</path>
         <kind>archive</kind>
         <file>driverlib.lib</file>
         <name>cpu.obj</name>
      </input_file>
   </input_file_list>
   <object_component_list>
      <object_component id="oc-12">
         <name>.intvecs</name>
         <load_address>0x0</load_address>
         <run_address>0x0</run_address>
         <size>0x26c</size>
         <input_file_ref idref="fl-9"/>
      </object_component>
      <object_component id="oc-1bb">
         <name>.text:__TI_printfi</name>
         <load_address>0x26c</load_address>
         <run_address>0x26c</run_address>
         <size>0xa4e</size>
         <input_file_ref idref="fl-cf"/>
      </object_component>
      <object_component id="oc-2d3">
         <name>.text</name>
         <load_address>0xcba</load_address>
         <run_address>0xcba</run_address>
         <size>0x2</size>
         <input_file_ref idref="fl-e7"/>
      </object_component>
      <object_component id="oc-111">
         <name>.text</name>
         <load_address>0xcbc</load_address>
         <run_address>0xcbc</run_address>
         <size>0x328</size>
         <input_file_ref idref="fl-4"/>
      </object_component>
      <object_component id="oc-230">
         <name>.text:_pconv_a</name>
         <load_address>0xfe4</load_address>
         <run_address>0xfe4</run_address>
         <size>0x270</size>
         <input_file_ref idref="fl-cf"/>
      </object_component>
      <object_component id="oc-10b">
         <name>.text</name>
         <load_address>0x1254</load_address>
         <run_address>0x1254</run_address>
         <size>0x248</size>
         <input_file_ref idref="fl-2"/>
      </object_component>
      <object_component id="oc-21e">
         <name>.text:_pconv_g</name>
         <load_address>0x149c</load_address>
         <run_address>0x149c</run_address>
         <size>0x1d0</size>
         <input_file_ref idref="fl-cf"/>
      </object_component>
      <object_component id="oc-27f">
         <name>.text</name>
         <load_address>0x166c</load_address>
         <run_address>0x166c</run_address>
         <size>0x1b6</size>
         <input_file_ref idref="fl-d5"/>
      </object_component>
      <object_component id="oc-117">
         <name>.text</name>
         <load_address>0x1824</load_address>
         <run_address>0x1824</run_address>
         <size>0x198</size>
         <input_file_ref idref="fl-8"/>
      </object_component>
      <object_component id="oc-c4">
         <name>.text</name>
         <load_address>0x19bc</load_address>
         <run_address>0x19bc</run_address>
         <size>0x194</size>
         <input_file_ref idref="fl-7"/>
      </object_component>
      <object_component id="oc-22a">
         <name>.text:_pconv_e</name>
         <load_address>0x1b50</load_address>
         <run_address>0x1b50</run_address>
         <size>0x13c</size>
         <input_file_ref idref="fl-cf"/>
      </object_component>
      <object_component id="oc-177">
         <name>.text</name>
         <load_address>0x1c8c</load_address>
         <run_address>0x1c8c</run_address>
         <size>0x136</size>
         <input_file_ref idref="fl-c5"/>
      </object_component>
      <object_component id="oc-291">
         <name>.text:fcvt</name>
         <load_address>0x1dc4</load_address>
         <run_address>0x1dc4</run_address>
         <size>0x124</size>
         <input_file_ref idref="fl-cf"/>
      </object_component>
      <object_component id="oc-2a5">
         <name>.text:scalbn</name>
         <load_address>0x1ee8</load_address>
         <run_address>0x1ee8</run_address>
         <size>0x110</size>
         <input_file_ref idref="fl-d1"/>
      </object_component>
      <object_component id="oc-26a">
         <name>.text</name>
         <load_address>0x1ff8</load_address>
         <run_address>0x1ff8</run_address>
         <size>0xfc</size>
         <input_file_ref idref="fl-d7"/>
      </object_component>
      <object_component id="oc-213">
         <name>.text:_ltostr</name>
         <load_address>0x20f4</load_address>
         <run_address>0x20f4</run_address>
         <size>0xb1</size>
         <input_file_ref idref="fl-cf"/>
      </object_component>
      <object_component id="oc-3b">
         <name>.text</name>
         <load_address>0x21a6</load_address>
         <run_address>0x21a6</run_address>
         <size>0x9c</size>
         <input_file_ref idref="fl-c8"/>
      </object_component>
      <object_component id="oc-263">
         <name>.text</name>
         <load_address>0x2242</load_address>
         <run_address>0x2242</run_address>
         <size>0x96</size>
         <input_file_ref idref="fl-d3"/>
      </object_component>
      <object_component id="oc-219">
         <name>.text:__aeabi_cdcmple</name>
         <load_address>0x22d8</load_address>
         <run_address>0x22d8</run_address>
         <size>0x86</size>
         <input_file_ref idref="fl-d6"/>
      </object_component>
      <object_component id="oc-26f">
         <name>.text:__aeabi_cdrcmple</name>
         <load_address>0x235e</load_address>
         <run_address>0x235e</run_address>
         <size>0x86</size>
         <input_file_ref idref="fl-d6"/>
      </object_component>
      <object_component id="oc-8f">
         <name>.text</name>
         <load_address>0x23e4</load_address>
         <run_address>0x23e4</run_address>
         <size>0x7a</size>
         <input_file_ref idref="fl-d4"/>
      </object_component>
      <object_component id="oc-11d">
         <name>.text</name>
         <load_address>0x2460</load_address>
         <run_address>0x2460</run_address>
         <size>0x74</size>
         <input_file_ref idref="fl-3"/>
      </object_component>
      <object_component id="oc-28a">
         <name>.text:_mcpy</name>
         <load_address>0x24d4</load_address>
         <run_address>0x24d4</run_address>
         <size>0x6e</size>
         <input_file_ref idref="fl-cf"/>
      </object_component>
      <object_component id="oc-17c">
         <name>.text</name>
         <load_address>0x2542</load_address>
         <run_address>0x2542</run_address>
         <size>0x6e</size>
         <input_file_ref idref="fl-c6"/>
      </object_component>
      <object_component id="oc-15">
         <name>.text:decompress:lzss:__TI_decompress_lzss</name>
         <load_address>0x25b0</load_address>
         <run_address>0x25b0</run_address>
         <size>0x68</size>
         <input_file_ref idref="fl-cb"/>
      </object_component>
      <object_component id="oc-29f">
         <name>.text:frexp</name>
         <load_address>0x2618</load_address>
         <run_address>0x2618</run_address>
         <size>0x64</size>
         <input_file_ref idref="fl-d0"/>
      </object_component>
      <object_component id="oc-224">
         <name>.text:_pconv_f</name>
         <load_address>0x267c</load_address>
         <run_address>0x267c</run_address>
         <size>0x56</size>
         <input_file_ref idref="fl-cf"/>
      </object_component>
      <object_component id="oc-279">
         <name>.text:__TI_ltoa</name>
         <load_address>0x26d2</load_address>
         <run_address>0x26d2</run_address>
         <size>0x54</size>
         <input_file_ref idref="fl-de"/>
      </object_component>
      <object_component id="oc-284">
         <name>.text:_ecpy</name>
         <load_address>0x2726</load_address>
         <run_address>0x2726</run_address>
         <size>0x52</size>
         <input_file_ref idref="fl-cf"/>
      </object_component>
      <object_component id="oc-20d">
         <name>.text:atoi</name>
         <load_address>0x2778</load_address>
         <run_address>0x2778</run_address>
         <size>0x4c</size>
         <input_file_ref idref="fl-e0"/>
      </object_component>
      <object_component id="oc-274">
         <name>.text</name>
         <load_address>0x27c4</load_address>
         <run_address>0x27c4</run_address>
         <size>0x48</size>
         <input_file_ref idref="fl-d8"/>
      </object_component>
      <object_component id="oc-d7">
         <name>.text:__TI_auto_init_nobinit_nopinit:__TI_auto_init_nobinit_nopinit</name>
         <load_address>0x280c</load_address>
         <run_address>0x280c</run_address>
         <size>0x44</size>
         <input_file_ref idref="fl-d9"/>
      </object_component>
      <object_component id="oc-156">
         <name>.text:vsnprintf</name>
         <load_address>0x2850</load_address>
         <run_address>0x2850</run_address>
         <size>0x40</size>
         <input_file_ref idref="fl-c4"/>
      </object_component>
      <object_component id="oc-297">
         <name>.text:_fcpy</name>
         <load_address>0x2890</load_address>
         <run_address>0x2890</run_address>
         <size>0x3e</size>
         <input_file_ref idref="fl-cf"/>
      </object_component>
      <object_component id="oc-144">
         <name>.text:IntRegister</name>
         <load_address>0x28d0</load_address>
         <run_address>0x28d0</run_address>
         <size>0x34</size>
         <input_file_ref idref="fl-e8"/>
      </object_component>
      <object_component id="oc-59">
         <name>.text:_c_int00_noargs:_c_int00_noargs</name>
         <load_address>0x2904</load_address>
         <run_address>0x2904</run_address>
         <size>0x34</size>
         <input_file_ref idref="fl-ce"/>
      </object_component>
      <object_component id="oc-1c1">
         <name>.text:_outs</name>
         <load_address>0x2938</load_address>
         <run_address>0x2938</run_address>
         <size>0x30</size>
         <input_file_ref idref="fl-c4"/>
      </object_component>
      <object_component id="oc-172">
         <name>.text</name>
         <load_address>0x2968</load_address>
         <run_address>0x2968</run_address>
         <size>0x2e</size>
         <input_file_ref idref="fl-c7"/>
      </object_component>
      <object_component id="oc-47">
         <name>.text:decompress:ZI:__TI_zero_init_nomemset:__TI_zero_init_nomemset</name>
         <load_address>0x2996</load_address>
         <run_address>0x2996</run_address>
         <size>0x1c</size>
         <input_file_ref idref="fl-c9"/>
      </object_component>
      <object_component id="oc-236">
         <name>.text:memccpy</name>
         <load_address>0x29b2</load_address>
         <run_address>0x29b2</run_address>
         <size>0x1c</size>
         <input_file_ref idref="fl-e2"/>
      </object_component>
      <object_component id="oc-2ea">
         <name>.text:copysign</name>
         <load_address>0x29ce</load_address>
         <run_address>0x29ce</run_address>
         <size>0x1a</size>
         <input_file_ref idref="fl-d2"/>
      </object_component>
      <object_component id="oc-1c7">
         <name>.text:_outc</name>
         <load_address>0x29e8</load_address>
         <run_address>0x29e8</run_address>
         <size>0x18</size>
         <input_file_ref idref="fl-c4"/>
      </object_component>
      <object_component id="oc-15c">
         <name>.text:strcmp</name>
         <load_address>0x2a00</load_address>
         <run_address>0x2a00</run_address>
         <size>0x18</size>
         <input_file_ref idref="fl-cc"/>
      </object_component>
      <object_component id="oc-2ab">
         <name>.text:strchr</name>
         <load_address>0x2a18</load_address>
         <run_address>0x2a18</run_address>
         <size>0x16</size>
         <input_file_ref idref="fl-e3"/>
      </object_component>
      <object_component id="oc-162">
         <name>.text:strcpy</name>
         <load_address>0x2a2e</load_address>
         <run_address>0x2a2e</run_address>
         <size>0x14</size>
         <input_file_ref idref="fl-cd"/>
      </object_component>
      <object_component id="oc-207">
         <name>.text:strlen</name>
         <load_address>0x2a42</load_address>
         <run_address>0x2a42</run_address>
         <size>0x14</size>
         <input_file_ref idref="fl-e4"/>
      </object_component>
      <object_component id="oc-23c">
         <name>.text:wcslen</name>
         <load_address>0x2a56</load_address>
         <run_address>0x2a56</run_address>
         <size>0x12</size>
         <input_file_ref idref="fl-e6"/>
      </object_component>
      <object_component id="oc-14f">
         <name>.text:lcd_clear</name>
         <load_address>0x2a68</load_address>
         <run_address>0x2a68</run_address>
         <size>0x10</size>
         <input_file_ref idref="fl-4"/>
      </object_component>
      <object_component id="oc-1b">
         <name>.text:decompress:none:__TI_decompress_none</name>
         <load_address>0x2a78</load_address>
         <run_address>0x2a78</run_address>
         <size>0xe</size>
         <input_file_ref idref="fl-ca"/>
      </object_component>
      <object_component id="oc-27">
         <name>.text</name>
         <load_address>0x2a86</load_address>
         <run_address>0x2a86</run_address>
         <size>0xc</size>
         <input_file_ref idref="fl-9"/>
      </object_component>
      <object_component id="oc-9b">
         <name>.text</name>
         <load_address>0x2a92</load_address>
         <run_address>0x2a92</run_address>
         <size>0xa</size>
         <input_file_ref idref="fl-5"/>
      </object_component>
      <object_component id="oc-242">
         <name>.text:__aeabi_errno_addr</name>
         <load_address>0x2a9c</load_address>
         <run_address>0x2a9c</run_address>
         <size>0x8</size>
         <input_file_ref idref="fl-e5"/>
      </object_component>
      <object_component id="oc-95">
         <name>.text:_system_pre_init</name>
         <load_address>0x2aa4</load_address>
         <run_address>0x2aa4</run_address>
         <size>0x4</size>
         <input_file_ref idref="fl-da"/>
      </object_component>
      <object_component id="oc-cb">
         <name>.text:abort:abort</name>
         <load_address>0x2aa8</load_address>
         <run_address>0x2aa8</run_address>
         <size>0x4</size>
         <input_file_ref idref="fl-dc"/>
      </object_component>
      <object_component id="oc-25e">
         <name>.const:.string:_ctypes_</name>
         <load_address>0x2aac</load_address>
         <run_address>0x2aac</run_address>
         <size>0x101</size>
         <input_file_ref idref="fl-e1"/>
      </object_component>
      <object_component id="oc-168">
         <name>.const:.string:lineAddress$1</name>
         <load_address>0x2bad</load_address>
         <run_address>0x2bad</run_address>
         <size>0x4</size>
         <input_file_ref idref="fl-4"/>
      </object_component>
      <object_component id="oc-169">
         <name>.const:.string:lineAddresses$2</name>
         <load_address>0x2bb1</load_address>
         <run_address>0x2bb1</run_address>
         <size>0x4</size>
         <input_file_ref idref="fl-4"/>
      </object_component>
      <object_component id="oc-343">
         <name>.cinit..data.load</name>
         <load_address>0x2bb8</load_address>
         <run_address>0x2bb8</run_address>
         <size>0xf</size>
      </object_component>
      <object_component id="oc-340">
         <name>__TI_handler_table</name>
         <load_address>0x2bc8</load_address>
         <run_address>0x2bc8</run_address>
         <size>0xc</size>
      </object_component>
      <object_component id="oc-344">
         <name>.cinit..bss.load</name>
         <load_address>0x2bd8</load_address>
         <run_address>0x2bd8</run_address>
         <size>0x8</size>
      </object_component>
      <object_component id="oc-342">
         <name>.cinit..vtable.load</name>
         <load_address>0x2be0</load_address>
         <run_address>0x2be0</run_address>
         <size>0x8</size>
      </object_component>
      <object_component id="oc-341">
         <name>__TI_cinit_table</name>
         <load_address>0x2be8</load_address>
         <run_address>0x2be8</run_address>
         <size>0x18</size>
      </object_component>
      <object_component id="oc-1af">
         <name>.vtable</name>
         <uninitialized>true</uninitialized>
         <run_address>0x20000000</run_address>
         <size>0x26c</size>
         <input_file_ref idref="fl-e8"/>
      </object_component>
      <object_component id="oc-14a">
         <name>.data</name>
         <load_address>0x20000ad8</load_address>
         <run_address>0x20000ad8</run_address>
         <size>0x1</size>
         <input_file_ref idref="fl-2"/>
      </object_component>
      <object_component id="oc-18c">
         <name>.data</name>
         <load_address>0x20000ad9</load_address>
         <run_address>0x20000ad9</run_address>
         <size>0x1</size>
         <input_file_ref idref="fl-3"/>
      </object_component>
      <object_component id="oc-188">
         <name>.data</name>
         <load_address>0x20000acc</load_address>
         <run_address>0x20000acc</run_address>
         <size>0x8</size>
         <input_file_ref idref="fl-5"/>
      </object_component>
      <object_component id="oc-2bb">
         <name>.data</name>
         <load_address>0x20000ad4</load_address>
         <run_address>0x20000ad4</run_address>
         <size>0x4</size>
         <input_file_ref idref="fl-e5"/>
      </object_component>
      <object_component id="oc-16a">
         <name>.bss:lastbuffer$3</name>
         <uninitialized>true</uninitialized>
         <run_address>0x20000a70</run_address>
         <size>0x54</size>
         <input_file_ref idref="fl-4"/>
      </object_component>
      <object_component id="oc-14d">
         <name>.common:_timeout_ticks</name>
         <uninitialized>true</uninitialized>
         <run_address>0x20000ac4</run_address>
         <size>0x4</size>
      </object_component>
      <object_component id="oc-181">
         <name>.common:currentAngle</name>
         <uninitialized>true</uninitialized>
         <run_address>0x20000ac8</run_address>
         <size>0x4</size>
      </object_component>
      <object_component id="oc-24">
         <name>.stack</name>
         <uninitialized>true</uninitialized>
         <run_address>0x20000270</run_address>
         <size>0x4</size>
         <input_file_ref idref="fl-ce"/>
      </object_component>
      <object_component id="oc-346">
         <name>.stack</name>
         <uninitialized>true</uninitialized>
         <run_address>0x20000270</run_address>
         <size>0x0</size>
      </object_component>
      <object_component id="oc-b2">
         <name>.debug_info</name>
         <load_address>0x0</load_address>
         <run_address>0x0</run_address>
         <size>0x2b9</size>
         <input_file_ref idref="fl-2"/>
      </object_component>
      <object_component id="oc-14b">
         <name>.debug_info</name>
         <load_address>0x2b9</load_address>
         <run_address>0x2b9</run_address>
         <size>0xc7</size>
         <input_file_ref idref="fl-2"/>
      </object_component>
      <object_component id="oc-10c">
         <name>.debug_info</name>
         <load_address>0x380</load_address>
         <run_address>0x380</run_address>
         <size>0x50f</size>
         <input_file_ref idref="fl-2"/>
      </object_component>
      <object_component id="oc-70">
         <name>.debug_info</name>
         <load_address>0x88f</load_address>
         <run_address>0x88f</run_address>
         <size>0x26b</size>
         <input_file_ref idref="fl-2"/>
      </object_component>
      <object_component id="oc-36">
         <name>.debug_info</name>
         <load_address>0xafa</load_address>
         <run_address>0xafa</run_address>
         <size>0x84</size>
         <input_file_ref idref="fl-2"/>
      </object_component>
      <object_component id="oc-ad">
         <name>.debug_info</name>
         <load_address>0xb7e</load_address>
         <run_address>0xb7e</run_address>
         <size>0x2a4</size>
         <input_file_ref idref="fl-2"/>
      </object_component>
      <object_component id="oc-75">
         <name>.debug_info</name>
         <load_address>0xe22</load_address>
         <run_address>0xe22</run_address>
         <size>0xbb</size>
         <input_file_ref idref="fl-2"/>
      </object_component>
      <object_component id="oc-121">
         <name>.debug_info</name>
         <load_address>0xedd</load_address>
         <run_address>0xedd</run_address>
         <size>0x17c</size>
         <input_file_ref idref="fl-3"/>
      </object_component>
      <object_component id="oc-16c">
         <name>.debug_info</name>
         <load_address>0x1059</load_address>
         <run_address>0x1059</run_address>
         <size>0x381</size>
         <input_file_ref idref="fl-4"/>
      </object_component>
      <object_component id="oc-150">
         <name>.debug_info</name>
         <load_address>0x13da</load_address>
         <run_address>0x13da</run_address>
         <size>0x11c</size>
         <input_file_ref idref="fl-4"/>
      </object_component>
      <object_component id="oc-112">
         <name>.debug_info</name>
         <load_address>0x14f6</load_address>
         <run_address>0x14f6</run_address>
         <size>0x8a8</size>
         <input_file_ref idref="fl-4"/>
      </object_component>
      <object_component id="oc-1df">
         <name>.debug_info</name>
         <load_address>0x1d9e</load_address>
         <run_address>0x1d9e</run_address>
         <size>0xcc</size>
         <input_file_ref idref="fl-4"/>
      </object_component>
      <object_component id="oc-16d">
         <name>.debug_info</name>
         <load_address>0x1e6a</load_address>
         <run_address>0x1e6a</run_address>
         <size>0x2c</size>
         <input_file_ref idref="fl-4"/>
      </object_component>
      <object_component id="oc-182">
         <name>.debug_info</name>
         <load_address>0x1e96</load_address>
         <run_address>0x1e96</run_address>
         <size>0x2d8</size>
         <input_file_ref idref="fl-5"/>
      </object_component>
      <object_component id="oc-189">
         <name>.debug_info</name>
         <load_address>0x216e</load_address>
         <run_address>0x216e</run_address>
         <size>0x121</size>
         <input_file_ref idref="fl-5"/>
      </object_component>
      <object_component id="oc-9c">
         <name>.debug_info</name>
         <load_address>0x228f</load_address>
         <run_address>0x228f</run_address>
         <size>0x104</size>
         <input_file_ref idref="fl-5"/>
      </object_component>
      <object_component id="oc-184">
         <name>.debug_info</name>
         <load_address>0x2393</load_address>
         <run_address>0x2393</run_address>
         <size>0x3ae</size>
         <input_file_ref idref="fl-7"/>
      </object_component>
      <object_component id="oc-c5">
         <name>.debug_info</name>
         <load_address>0x2741</load_address>
         <run_address>0x2741</run_address>
         <size>0x2bb</size>
         <input_file_ref idref="fl-7"/>
      </object_component>
      <object_component id="oc-186">
         <name>.debug_info</name>
         <load_address>0x29fc</load_address>
         <run_address>0x29fc</run_address>
         <size>0x353</size>
         <input_file_ref idref="fl-8"/>
      </object_component>
      <object_component id="oc-118">
         <name>.debug_info</name>
         <load_address>0x2d4f</load_address>
         <run_address>0x2d4f</run_address>
         <size>0x2b5</size>
         <input_file_ref idref="fl-8"/>
      </object_component>
      <object_component id="oc-2f">
         <name>.debug_info</name>
         <load_address>0x3004</load_address>
         <run_address>0x3004</run_address>
         <size>0x2a3</size>
         <input_file_ref idref="fl-9"/>
      </object_component>
      <object_component id="oc-13">
         <name>.debug_info</name>
         <load_address>0x32a7</load_address>
         <run_address>0x32a7</run_address>
         <size>0xe2</size>
         <input_file_ref idref="fl-9"/>
      </object_component>
      <object_component id="oc-2b">
         <name>.debug_info</name>
         <load_address>0x3389</load_address>
         <run_address>0x3389</run_address>
         <size>0x25e</size>
         <input_file_ref idref="fl-9"/>
      </object_component>
      <object_component id="oc-1ce">
         <name>.debug_info</name>
         <load_address>0x35e7</load_address>
         <run_address>0x35e7</run_address>
         <size>0x340</size>
         <input_file_ref idref="fl-c4"/>
      </object_component>
      <object_component id="oc-15a">
         <name>.debug_info</name>
         <load_address>0x3927</load_address>
         <run_address>0x3927</run_address>
         <size>0x208</size>
         <input_file_ref idref="fl-c4"/>
      </object_component>
      <object_component id="oc-1c4">
         <name>.debug_info</name>
         <load_address>0x3b2f</load_address>
         <run_address>0x3b2f</run_address>
         <size>0x1c6</size>
         <input_file_ref idref="fl-c4"/>
      </object_component>
      <object_component id="oc-1c9">
         <name>.debug_info</name>
         <load_address>0x3cf5</load_address>
         <run_address>0x3cf5</run_address>
         <size>0x179</size>
         <input_file_ref idref="fl-c4"/>
      </object_component>
      <object_component id="oc-1cf">
         <name>.debug_info</name>
         <load_address>0x3e6e</load_address>
         <run_address>0x3e6e</run_address>
         <size>0x2c</size>
         <input_file_ref idref="fl-c4"/>
      </object_component>
      <object_component id="oc-1d4">
         <name>.debug_info</name>
         <load_address>0x3e9a</load_address>
         <run_address>0x3e9a</run_address>
         <size>0x69</size>
         <input_file_ref idref="fl-c4"/>
      </object_component>
      <object_component id="oc-17a">
         <name>.debug_info</name>
         <load_address>0x3f03</load_address>
         <run_address>0x3f03</run_address>
         <size>0x13a</size>
         <input_file_ref idref="fl-c5"/>
      </object_component>
      <object_component id="oc-17e">
         <name>.debug_info</name>
         <load_address>0x403d</load_address>
         <run_address>0x403d</run_address>
         <size>0x13e</size>
         <input_file_ref idref="fl-c6"/>
      </object_component>
      <object_component id="oc-173">
         <name>.debug_info</name>
         <load_address>0x417b</load_address>
         <run_address>0x417b</run_address>
         <size>0x12c</size>
         <input_file_ref idref="fl-c7"/>
      </object_component>
      <object_component id="oc-3c">
         <name>.debug_info</name>
         <load_address>0x42a7</load_address>
         <run_address>0x42a7</run_address>
         <size>0x119</size>
         <input_file_ref idref="fl-c8"/>
      </object_component>
      <object_component id="oc-8e">
         <name>.debug_info</name>
         <load_address>0x43c0</load_address>
         <run_address>0x43c0</run_address>
         <size>0x2d4</size>
         <input_file_ref idref="fl-c9"/>
      </object_component>
      <object_component id="oc-4a">
         <name>.debug_info</name>
         <load_address>0x4694</load_address>
         <run_address>0x4694</run_address>
         <size>0x1d2</size>
         <input_file_ref idref="fl-c9"/>
      </object_component>
      <object_component id="oc-89">
         <name>.debug_info</name>
         <load_address>0x4866</load_address>
         <run_address>0x4866</run_address>
         <size>0x46</size>
         <input_file_ref idref="fl-c9"/>
      </object_component>
      <object_component id="oc-bb">
         <name>.debug_info</name>
         <load_address>0x48ac</load_address>
         <run_address>0x48ac</run_address>
         <size>0x2c</size>
         <input_file_ref idref="fl-c9"/>
      </object_component>
      <object_component id="oc-46">
         <name>.debug_info</name>
         <load_address>0x48d8</load_address>
         <run_address>0x48d8</run_address>
         <size>0x2a8</size>
         <input_file_ref idref="fl-ca"/>
      </object_component>
      <object_component id="oc-1c">
         <name>.debug_info</name>
         <load_address>0x4b80</load_address>
         <run_address>0x4b80</run_address>
         <size>0x1ea</size>
         <input_file_ref idref="fl-ca"/>
      </object_component>
      <object_component id="oc-41">
         <name>.debug_info</name>
         <load_address>0x4d6a</load_address>
         <run_address>0x4d6a</run_address>
         <size>0x46</size>
         <input_file_ref idref="fl-ca"/>
      </object_component>
      <object_component id="oc-81">
         <name>.debug_info</name>
         <load_address>0x4db0</load_address>
         <run_address>0x4db0</run_address>
         <size>0x2c</size>
         <input_file_ref idref="fl-ca"/>
      </object_component>
      <object_component id="oc-7f">
         <name>.debug_info</name>
         <load_address>0x4ddc</load_address>
         <run_address>0x4ddc</run_address>
         <size>0x29e</size>
         <input_file_ref idref="fl-cb"/>
      </object_component>
      <object_component id="oc-18">
         <name>.debug_info</name>
         <load_address>0x507a</load_address>
         <run_address>0x507a</run_address>
         <size>0x250</size>
         <input_file_ref idref="fl-cb"/>
      </object_component>
      <object_component id="oc-31">
         <name>.debug_info</name>
         <load_address>0x52ca</load_address>
         <run_address>0x52ca</run_address>
         <size>0x60</size>
         <input_file_ref idref="fl-cb"/>
      </object_component>
      <object_component id="oc-b4">
         <name>.debug_info</name>
         <load_address>0x532a</load_address>
         <run_address>0x532a</run_address>
         <size>0x46</size>
         <input_file_ref idref="fl-cb"/>
      </object_component>
      <object_component id="oc-7a">
         <name>.debug_info</name>
         <load_address>0x5370</load_address>
         <run_address>0x5370</run_address>
         <size>0x39</size>
         <input_file_ref idref="fl-cb"/>
      </object_component>
      <object_component id="oc-1da">
         <name>.debug_info</name>
         <load_address>0x53a9</load_address>
         <run_address>0x53a9</run_address>
         <size>0x28a</size>
         <input_file_ref idref="fl-cc"/>
      </object_component>
      <object_component id="oc-15d">
         <name>.debug_info</name>
         <load_address>0x5633</load_address>
         <run_address>0x5633</run_address>
         <size>0x273</size>
         <input_file_ref idref="fl-cc"/>
      </object_component>
      <object_component id="oc-1dc">
         <name>.debug_info</name>
         <load_address>0x58a6</load_address>
         <run_address>0x58a6</run_address>
         <size>0x2a4</size>
         <input_file_ref idref="fl-cd"/>
      </object_component>
      <object_component id="oc-165">
         <name>.debug_info</name>
         <load_address>0x5b4a</load_address>
         <run_address>0x5b4a</run_address>
         <size>0x24d</size>
         <input_file_ref idref="fl-cd"/>
      </object_component>
      <object_component id="oc-25">
         <name>.debug_info</name>
         <load_address>0x5d97</load_address>
         <run_address>0x5d97</run_address>
         <size>0x10b</size>
         <input_file_ref idref="fl-ce"/>
      </object_component>
      <object_component id="oc-5c">
         <name>.debug_info</name>
         <load_address>0x5ea2</load_address>
         <run_address>0x5ea2</run_address>
         <size>0x1a9</size>
         <input_file_ref idref="fl-ce"/>
      </object_component>
      <object_component id="oc-249">
         <name>.debug_info</name>
         <load_address>0x604b</load_address>
         <run_address>0x604b</run_address>
         <size>0x590</size>
         <input_file_ref idref="fl-cf"/>
      </object_component>
      <object_component id="oc-217">
         <name>.debug_info</name>
         <load_address>0x65db</load_address>
         <run_address>0x65db</run_address>
         <size>0x21e</size>
         <input_file_ref idref="fl-cf"/>
      </object_component>
      <object_component id="oc-288">
         <name>.debug_info</name>
         <load_address>0x67f9</load_address>
         <run_address>0x67f9</run_address>
         <size>0x1b3</size>
         <input_file_ref idref="fl-cf"/>
      </object_component>
      <object_component id="oc-28e">
         <name>.debug_info</name>
         <load_address>0x69ac</load_address>
         <run_address>0x69ac</run_address>
         <size>0x21b</size>
         <input_file_ref idref="fl-cf"/>
      </object_component>
      <object_component id="oc-222">
         <name>.debug_info</name>
         <load_address>0x6bc7</load_address>
         <run_address>0x6bc7</run_address>
         <size>0x3c0</size>
         <input_file_ref idref="fl-cf"/>
      </object_component>
      <object_component id="oc-295">
         <name>.debug_info</name>
         <load_address>0x6f87</load_address>
         <run_address>0x6f87</run_address>
         <size>0x30a</size>
         <input_file_ref idref="fl-cf"/>
      </object_component>
      <object_component id="oc-29b">
         <name>.debug_info</name>
         <load_address>0x7291</load_address>
         <run_address>0x7291</run_address>
         <size>0x215</size>
         <input_file_ref idref="fl-cf"/>
      </object_component>
      <object_component id="oc-228">
         <name>.debug_info</name>
         <load_address>0x74a6</load_address>
         <run_address>0x74a6</run_address>
         <size>0x215</size>
         <input_file_ref idref="fl-cf"/>
      </object_component>
      <object_component id="oc-22e">
         <name>.debug_info</name>
         <load_address>0x76bb</load_address>
         <run_address>0x76bb</run_address>
         <size>0x304</size>
         <input_file_ref idref="fl-cf"/>
      </object_component>
      <object_component id="oc-234">
         <name>.debug_info</name>
         <load_address>0x79bf</load_address>
         <run_address>0x79bf</run_address>
         <size>0x4b5</size>
         <input_file_ref idref="fl-cf"/>
      </object_component>
      <object_component id="oc-1bf">
         <name>.debug_info</name>
         <load_address>0x7e74</load_address>
         <run_address>0x7e74</run_address>
         <size>0x5f4</size>
         <input_file_ref idref="fl-cf"/>
      </object_component>
      <object_component id="oc-24a">
         <name>.debug_info</name>
         <load_address>0x8468</load_address>
         <run_address>0x8468</run_address>
         <size>0x86</size>
         <input_file_ref idref="fl-cf"/>
      </object_component>
      <object_component id="oc-2c2">
         <name>.debug_info</name>
         <load_address>0x84ee</load_address>
         <run_address>0x84ee</run_address>
         <size>0x39</size>
         <input_file_ref idref="fl-cf"/>
      </object_component>
      <object_component id="oc-301">
         <name>.debug_info</name>
         <load_address>0x8527</load_address>
         <run_address>0x8527</run_address>
         <size>0xb6</size>
         <input_file_ref idref="fl-cf"/>
      </object_component>
      <object_component id="oc-2c7">
         <name>.debug_info</name>
         <load_address>0x85dd</load_address>
         <run_address>0x85dd</run_address>
         <size>0x46</size>
         <input_file_ref idref="fl-cf"/>
      </object_component>
      <object_component id="oc-24f">
         <name>.debug_info</name>
         <load_address>0x8623</load_address>
         <run_address>0x8623</run_address>
         <size>0x46</size>
         <input_file_ref idref="fl-cf"/>
      </object_component>
      <object_component id="oc-2e4">
         <name>.debug_info</name>
         <load_address>0x8669</load_address>
         <run_address>0x8669</run_address>
         <size>0x29a</size>
         <input_file_ref idref="fl-d0"/>
      </object_component>
      <object_component id="oc-2a0">
         <name>.debug_info</name>
         <load_address>0x8903</load_address>
         <run_address>0x8903</run_address>
         <size>0x195</size>
         <input_file_ref idref="fl-d0"/>
      </object_component>
      <object_component id="oc-30d">
         <name>.debug_info</name>
         <load_address>0x8a98</load_address>
         <run_address>0x8a98</run_address>
         <size>0x39</size>
         <input_file_ref idref="fl-d0"/>
      </object_component>
      <object_component id="oc-2e5">
         <name>.debug_info</name>
         <load_address>0x8ad1</load_address>
         <run_address>0x8ad1</run_address>
         <size>0x2c</size>
         <input_file_ref idref="fl-d0"/>
      </object_component>
      <object_component id="oc-2f1">
         <name>.debug_info</name>
         <load_address>0x8afd</load_address>
         <run_address>0x8afd</run_address>
         <size>0x2fd</size>
         <input_file_ref idref="fl-d1"/>
      </object_component>
      <object_component id="oc-2a6">
         <name>.debug_info</name>
         <load_address>0x8dfa</load_address>
         <run_address>0x8dfa</run_address>
         <size>0x225</size>
         <input_file_ref idref="fl-d1"/>
      </object_component>
      <object_component id="oc-2eb">
         <name>.debug_info</name>
         <load_address>0x901f</load_address>
         <run_address>0x901f</run_address>
         <size>0x161</size>
         <input_file_ref idref="fl-d2"/>
      </object_component>
      <object_component id="oc-264">
         <name>.debug_info</name>
         <load_address>0x9180</load_address>
         <run_address>0x9180</run_address>
         <size>0x134</size>
         <input_file_ref idref="fl-d3"/>
      </object_component>
      <object_component id="oc-91">
         <name>.debug_info</name>
         <load_address>0x92b4</load_address>
         <run_address>0x92b4</run_address>
         <size>0x147</size>
         <input_file_ref idref="fl-d4"/>
      </object_component>
      <object_component id="oc-282">
         <name>.debug_info</name>
         <load_address>0x93fb</load_address>
         <run_address>0x93fb</run_address>
         <size>0x14c</size>
         <input_file_ref idref="fl-d5"/>
      </object_component>
      <object_component id="oc-21a">
         <name>.debug_info</name>
         <load_address>0x9547</load_address>
         <run_address>0x9547</run_address>
         <size>0x128</size>
         <input_file_ref idref="fl-d6"/>
      </object_component>
      <object_component id="oc-272">
         <name>.debug_info</name>
         <load_address>0x966f</load_address>
         <run_address>0x966f</run_address>
         <size>0x12a</size>
         <input_file_ref idref="fl-d6"/>
      </object_component>
      <object_component id="oc-26c">
         <name>.debug_info</name>
         <load_address>0x9799</load_address>
         <run_address>0x9799</run_address>
         <size>0x13a</size>
         <input_file_ref idref="fl-d7"/>
      </object_component>
      <object_component id="oc-275">
         <name>.debug_info</name>
         <load_address>0x98d3</load_address>
         <run_address>0x98d3</run_address>
         <size>0x12e</size>
         <input_file_ref idref="fl-d8"/>
      </object_component>
      <object_component id="oc-12f">
         <name>.debug_info</name>
         <load_address>0x9a01</load_address>
         <run_address>0x9a01</run_address>
         <size>0x4b3</size>
         <input_file_ref idref="fl-d9"/>
      </object_component>
      <object_component id="oc-d8">
         <name>.debug_info</name>
         <load_address>0x9eb4</load_address>
         <run_address>0x9eb4</run_address>
         <size>0x1a6</size>
         <input_file_ref idref="fl-d9"/>
      </object_component>
      <object_component id="oc-19e">
         <name>.debug_info</name>
         <load_address>0xa05a</load_address>
         <run_address>0xa05a</run_address>
         <size>0x39</size>
         <input_file_ref idref="fl-d9"/>
      </object_component>
      <object_component id="oc-1f2">
         <name>.debug_info</name>
         <load_address>0xa093</load_address>
         <run_address>0xa093</run_address>
         <size>0x39</size>
         <input_file_ref idref="fl-d9"/>
      </object_component>
      <object_component id="oc-1a3">
         <name>.debug_info</name>
         <load_address>0xa0cc</load_address>
         <run_address>0xa0cc</run_address>
         <size>0x39</size>
         <input_file_ref idref="fl-d9"/>
      </object_component>
      <object_component id="oc-1a8">
         <name>.debug_info</name>
         <load_address>0xa105</load_address>
         <run_address>0xa105</run_address>
         <size>0xcd</size>
         <input_file_ref idref="fl-d9"/>
      </object_component>
      <object_component id="oc-97">
         <name>.debug_info</name>
         <load_address>0xa1d2</load_address>
         <run_address>0xa1d2</run_address>
         <size>0x153</size>
         <input_file_ref idref="fl-da"/>
      </object_component>
      <object_component id="oc-ce">
         <name>.debug_info</name>
         <load_address>0xa325</load_address>
         <run_address>0xa325</run_address>
         <size>0x122</size>
         <input_file_ref idref="fl-dc"/>
      </object_component>
      <object_component id="oc-2dd">
         <name>.debug_info</name>
         <load_address>0xa447</load_address>
         <run_address>0xa447</run_address>
         <size>0x29c</size>
         <input_file_ref idref="fl-de"/>
      </object_component>
      <object_component id="oc-27d">
         <name>.debug_info</name>
         <load_address>0xa6e3</load_address>
         <run_address>0xa6e3</run_address>
         <size>0x1da</size>
         <input_file_ref idref="fl-de"/>
      </object_component>
      <object_component id="oc-262">
         <name>.debug_info</name>
         <load_address>0xa8bd</load_address>
         <run_address>0xa8bd</run_address>
         <size>0x2b9</size>
         <input_file_ref idref="fl-e0"/>
      </object_component>
      <object_component id="oc-210">
         <name>.debug_info</name>
         <load_address>0xab76</load_address>
         <run_address>0xab76</run_address>
         <size>0x17c</size>
         <input_file_ref idref="fl-e0"/>
      </object_component>
      <object_component id="oc-2d0">
         <name>.debug_info</name>
         <load_address>0xacf2</load_address>
         <run_address>0xacf2</run_address>
         <size>0xf9</size>
         <input_file_ref idref="fl-e1"/>
      </object_component>
      <object_component id="oc-25f">
         <name>.debug_info</name>
         <load_address>0xadeb</load_address>
         <run_address>0xadeb</run_address>
         <size>0x105</size>
         <input_file_ref idref="fl-e1"/>
      </object_component>
      <object_component id="oc-2b3">
         <name>.debug_info</name>
         <load_address>0xaef0</load_address>
         <run_address>0xaef0</run_address>
         <size>0x2a7</size>
         <input_file_ref idref="fl-e2"/>
      </object_component>
      <object_component id="oc-23a">
         <name>.debug_info</name>
         <load_address>0xb197</load_address>
         <run_address>0xb197</run_address>
         <size>0x1b8</size>
         <input_file_ref idref="fl-e2"/>
      </object_component>
      <object_component id="oc-2f3">
         <name>.debug_info</name>
         <load_address>0xb34f</load_address>
         <run_address>0xb34f</run_address>
         <size>0x29a</size>
         <input_file_ref idref="fl-e3"/>
      </object_component>
      <object_component id="oc-2ad">
         <name>.debug_info</name>
         <load_address>0xb5e9</load_address>
         <run_address>0xb5e9</run_address>
         <size>0x262</size>
         <input_file_ref idref="fl-e3"/>
      </object_component>
      <object_component id="oc-25d">
         <name>.debug_info</name>
         <load_address>0xb84b</load_address>
         <run_address>0xb84b</run_address>
         <size>0x28f</size>
         <input_file_ref idref="fl-e4"/>
      </object_component>
      <object_component id="oc-208">
         <name>.debug_info</name>
         <load_address>0xbada</load_address>
         <run_address>0xbada</run_address>
         <size>0x245</size>
         <input_file_ref idref="fl-e4"/>
      </object_component>
      <object_component id="oc-2bf">
         <name>.debug_info</name>
         <load_address>0xbd1f</load_address>
         <run_address>0xbd1f</run_address>
         <size>0x289</size>
         <input_file_ref idref="fl-e5"/>
      </object_component>
      <object_component id="oc-2bc">
         <name>.debug_info</name>
         <load_address>0xbfa8</load_address>
         <run_address>0xbfa8</run_address>
         <size>0x10e</size>
         <input_file_ref idref="fl-e5"/>
      </object_component>
      <object_component id="oc-244">
         <name>.debug_info</name>
         <load_address>0xc0b6</load_address>
         <run_address>0xc0b6</run_address>
         <size>0x14e</size>
         <input_file_ref idref="fl-e5"/>
      </object_component>
      <object_component id="oc-2ba">
         <name>.debug_info</name>
         <load_address>0xc204</load_address>
         <run_address>0xc204</run_address>
         <size>0x28f</size>
         <input_file_ref idref="fl-e6"/>
      </object_component>
      <object_component id="oc-23e">
         <name>.debug_info</name>
         <load_address>0xc493</load_address>
         <run_address>0xc493</run_address>
         <size>0x15a</size>
         <input_file_ref idref="fl-e6"/>
      </object_component>
      <object_component id="oc-2f6">
         <name>.debug_info</name>
         <load_address>0xc5ed</load_address>
         <run_address>0xc5ed</run_address>
         <size>0x46</size>
         <input_file_ref idref="fl-e6"/>
      </object_component>
      <object_component id="oc-2b5">
         <name>.debug_info</name>
         <load_address>0xc633</load_address>
         <run_address>0xc633</run_address>
         <size>0x39</size>
         <input_file_ref idref="fl-e6"/>
      </object_component>
      <object_component id="oc-2d5">
         <name>.debug_info</name>
         <load_address>0xc66c</load_address>
         <run_address>0xc66c</run_address>
         <size>0x115</size>
         <input_file_ref idref="fl-e7"/>
      </object_component>
      <object_component id="oc-1b8">
         <name>.debug_info</name>
         <load_address>0xc781</load_address>
         <run_address>0xc781</run_address>
         <size>0x20e</size>
         <input_file_ref idref="fl-e8"/>
      </object_component>
      <object_component id="oc-1b0">
         <name>.debug_info</name>
         <load_address>0xc98f</load_address>
         <run_address>0xc98f</run_address>
         <size>0x157</size>
         <input_file_ref idref="fl-e8"/>
      </object_component>
      <object_component id="oc-146">
         <name>.debug_info</name>
         <load_address>0xcae6</load_address>
         <run_address>0xcae6</run_address>
         <size>0x2c1</size>
         <input_file_ref idref="fl-e8"/>
      </object_component>
      <object_component id="oc-200">
         <name>.debug_info</name>
         <load_address>0xcda7</load_address>
         <run_address>0xcda7</run_address>
         <size>0x8b</size>
         <input_file_ref idref="fl-e8"/>
      </object_component>
      <object_component id="oc-1b3">
         <name>.debug_info</name>
         <load_address>0xce32</load_address>
         <run_address>0xce32</run_address>
         <size>0x18b</size>
         <input_file_ref idref="fl-e8"/>
      </object_component>
      <object_component id="oc-347">
         <name>.debug_info</name>
         <load_address>0xcfbd</load_address>
         <run_address>0xcfbd</run_address>
         <size>0x95</size>
      </object_component>
      <object_component id="oc-10a">
         <name>.debug_line</name>
         <load_address>0x0</load_address>
         <run_address>0x0</run_address>
         <size>0x69</size>
         <input_file_ref idref="fl-2"/>
      </object_component>
      <object_component id="oc-1ba">
         <name>.debug_line</name>
         <load_address>0x69</load_address>
         <run_address>0x69</run_address>
         <size>0x2e</size>
         <input_file_ref idref="fl-2"/>
      </object_component>
      <object_component id="oc-110">
         <name>.debug_line</name>
         <load_address>0x97</load_address>
         <run_address>0x97</run_address>
         <size>0x179</size>
         <input_file_ref idref="fl-2"/>
      </object_component>
      <object_component id="oc-73">
         <name>.debug_line</name>
         <load_address>0x210</load_address>
         <run_address>0x210</run_address>
         <size>0x6f</size>
         <input_file_ref idref="fl-2"/>
      </object_component>
      <object_component id="oc-39">
         <name>.debug_line</name>
         <load_address>0x27f</load_address>
         <run_address>0x27f</run_address>
         <size>0x20</size>
         <input_file_ref idref="fl-2"/>
      </object_component>
      <object_component id="oc-b0">
         <name>.debug_line</name>
         <load_address>0x29f</load_address>
         <run_address>0x29f</run_address>
         <size>0x73</size>
         <input_file_ref idref="fl-2"/>
      </object_component>
      <object_component id="oc-78">
         <name>.debug_line</name>
         <load_address>0x312</load_address>
         <run_address>0x312</run_address>
         <size>0x70</size>
         <input_file_ref idref="fl-2"/>
      </object_component>
      <object_component id="oc-11f">
         <name>.debug_line</name>
         <load_address>0x382</load_address>
         <run_address>0x382</run_address>
         <size>0x7f</size>
         <input_file_ref idref="fl-3"/>
      </object_component>
      <object_component id="oc-1de">
         <name>.debug_line</name>
         <load_address>0x401</load_address>
         <run_address>0x401</run_address>
         <size>0xc3</size>
         <input_file_ref idref="fl-4"/>
      </object_component>
      <object_component id="oc-153">
         <name>.debug_line</name>
         <load_address>0x4c4</load_address>
         <run_address>0x4c4</run_address>
         <size>0x45</size>
         <input_file_ref idref="fl-4"/>
      </object_component>
      <object_component id="oc-115">
         <name>.debug_line</name>
         <load_address>0x509</load_address>
         <run_address>0x509</run_address>
         <size>0x19c</size>
         <input_file_ref idref="fl-4"/>
      </object_component>
      <object_component id="oc-1e2">
         <name>.debug_line</name>
         <load_address>0x6a5</load_address>
         <run_address>0x6a5</run_address>
         <size>0x6a</size>
         <input_file_ref idref="fl-4"/>
      </object_component>
      <object_component id="oc-170">
         <name>.debug_line</name>
         <load_address>0x70f</load_address>
         <run_address>0x70f</run_address>
         <size>0x6b</size>
         <input_file_ref idref="fl-4"/>
      </object_component>
      <object_component id="oc-1e8">
         <name>.debug_line</name>
         <load_address>0x77a</load_address>
         <run_address>0x77a</run_address>
         <size>0x3b</size>
         <input_file_ref idref="fl-5"/>
      </object_component>
      <object_component id="oc-1ee">
         <name>.debug_line</name>
         <load_address>0x7b5</load_address>
         <run_address>0x7b5</run_address>
         <size>0x2d</size>
         <input_file_ref idref="fl-5"/>
      </object_component>
      <object_component id="oc-9f">
         <name>.debug_line</name>
         <load_address>0x7e2</load_address>
         <run_address>0x7e2</run_address>
         <size>0x42</size>
         <input_file_ref idref="fl-5"/>
      </object_component>
      <object_component id="oc-1ea">
         <name>.debug_line</name>
         <load_address>0x824</load_address>
         <run_address>0x824</run_address>
         <size>0x57</size>
         <input_file_ref idref="fl-7"/>
      </object_component>
      <object_component id="oc-c9">
         <name>.debug_line</name>
         <load_address>0x87b</load_address>
         <run_address>0x87b</run_address>
         <size>0xc0</size>
         <input_file_ref idref="fl-7"/>
      </object_component>
      <object_component id="oc-1ec">
         <name>.debug_line</name>
         <load_address>0x93b</load_address>
         <run_address>0x93b</run_address>
         <size>0x3c</size>
         <input_file_ref idref="fl-8"/>
      </object_component>
      <object_component id="oc-11b">
         <name>.debug_line</name>
         <load_address>0x977</load_address>
         <run_address>0x977</run_address>
         <size>0xa1</size>
         <input_file_ref idref="fl-8"/>
      </object_component>
      <object_component id="oc-6f">
         <name>.debug_line</name>
         <load_address>0xa18</load_address>
         <run_address>0xa18</run_address>
         <size>0x41</size>
         <input_file_ref idref="fl-9"/>
      </object_component>
      <object_component id="oc-2e">
         <name>.debug_line</name>
         <load_address>0xa59</load_address>
         <run_address>0xa59</run_address>
         <size>0x41</size>
         <input_file_ref idref="fl-9"/>
      </object_component>
      <object_component id="oc-2a">
         <name>.debug_line</name>
         <load_address>0xa9a</load_address>
         <run_address>0xa9a</run_address>
         <size>0xa1</size>
         <input_file_ref idref="fl-9"/>
      </object_component>
      <object_component id="oc-257">
         <name>.debug_line</name>
         <load_address>0xb3b</load_address>
         <run_address>0xb3b</run_address>
         <size>0x2f</size>
         <input_file_ref idref="fl-c4"/>
      </object_component>
      <object_component id="oc-157">
         <name>.debug_line</name>
         <load_address>0xb6a</load_address>
         <run_address>0xb6a</run_address>
         <size>0x55</size>
         <input_file_ref idref="fl-c4"/>
      </object_component>
      <object_component id="oc-1c2">
         <name>.debug_line</name>
         <load_address>0xbbf</load_address>
         <run_address>0xbbf</run_address>
         <size>0x59</size>
         <input_file_ref idref="fl-c4"/>
      </object_component>
      <object_component id="oc-1cb">
         <name>.debug_line</name>
         <load_address>0xc18</load_address>
         <run_address>0xc18</run_address>
         <size>0x47</size>
         <input_file_ref idref="fl-c4"/>
      </object_component>
      <object_component id="oc-1d2">
         <name>.debug_line</name>
         <load_address>0xc5f</load_address>
         <run_address>0xc5f</run_address>
         <size>0x91</size>
         <input_file_ref idref="fl-c4"/>
      </object_component>
      <object_component id="oc-1d7">
         <name>.debug_line</name>
         <load_address>0xcf0</load_address>
         <run_address>0xcf0</run_address>
         <size>0x2f</size>
         <input_file_ref idref="fl-c4"/>
      </object_component>
      <object_component id="oc-178">
         <name>.debug_line</name>
         <load_address>0xd1f</load_address>
         <run_address>0xd1f</run_address>
         <size>0xa8</size>
         <input_file_ref idref="fl-c5"/>
      </object_component>
      <object_component id="oc-17d">
         <name>.debug_line</name>
         <load_address>0xdc7</load_address>
         <run_address>0xdc7</run_address>
         <size>0x67</size>
         <input_file_ref idref="fl-c6"/>
      </object_component>
      <object_component id="oc-176">
         <name>.debug_line</name>
         <load_address>0xe2e</load_address>
         <run_address>0xe2e</run_address>
         <size>0x50</size>
         <input_file_ref idref="fl-c7"/>
      </object_component>
      <object_component id="oc-3f">
         <name>.debug_line</name>
         <load_address>0xe7e</load_address>
         <run_address>0xe7e</run_address>
         <size>0x88</size>
         <input_file_ref idref="fl-c8"/>
      </object_component>
      <object_component id="oc-c1">
         <name>.debug_line</name>
         <load_address>0xf06</load_address>
         <run_address>0xf06</run_address>
         <size>0x92</size>
         <input_file_ref idref="fl-c9"/>
      </object_component>
      <object_component id="oc-4c">
         <name>.debug_line</name>
         <load_address>0xf98</load_address>
         <run_address>0xf98</run_address>
         <size>0x56</size>
         <input_file_ref idref="fl-c9"/>
      </object_component>
      <object_component id="oc-8c">
         <name>.debug_line</name>
         <load_address>0xfee</load_address>
         <run_address>0xfee</run_address>
         <size>0x34</size>
         <input_file_ref idref="fl-c9"/>
      </object_component>
      <object_component id="oc-be">
         <name>.debug_line</name>
         <load_address>0x1022</load_address>
         <run_address>0x1022</run_address>
         <size>0x92</size>
         <input_file_ref idref="fl-c9"/>
      </object_component>
      <object_component id="oc-87">
         <name>.debug_line</name>
         <load_address>0x10b4</load_address>
         <run_address>0x10b4</run_address>
         <size>0x20</size>
         <input_file_ref idref="fl-ca"/>
      </object_component>
      <object_component id="oc-20">
         <name>.debug_line</name>
         <load_address>0x10d4</load_address>
         <run_address>0x10d4</run_address>
         <size>0x55</size>
         <input_file_ref idref="fl-ca"/>
      </object_component>
      <object_component id="oc-44">
         <name>.debug_line</name>
         <load_address>0x1129</load_address>
         <run_address>0x1129</run_address>
         <size>0x3a</size>
         <input_file_ref idref="fl-ca"/>
      </object_component>
      <object_component id="oc-84">
         <name>.debug_line</name>
         <load_address>0x1163</load_address>
         <run_address>0x1163</run_address>
         <size>0x92</size>
         <input_file_ref idref="fl-ca"/>
      </object_component>
      <object_component id="oc-ba">
         <name>.debug_line</name>
         <load_address>0x11f5</load_address>
         <run_address>0x11f5</run_address>
         <size>0x20</size>
         <input_file_ref idref="fl-cb"/>
      </object_component>
      <object_component id="oc-17">
         <name>.debug_line</name>
         <load_address>0x1215</load_address>
         <run_address>0x1215</run_address>
         <size>0xa9</size>
         <input_file_ref idref="fl-cb"/>
      </object_component>
      <object_component id="oc-34">
         <name>.debug_line</name>
         <load_address>0x12be</load_address>
         <run_address>0x12be</run_address>
         <size>0x3a</size>
         <input_file_ref idref="fl-cb"/>
      </object_component>
      <object_component id="oc-b7">
         <name>.debug_line</name>
         <load_address>0x12f8</load_address>
         <run_address>0x12f8</run_address>
         <size>0x9a</size>
         <input_file_ref idref="fl-cb"/>
      </object_component>
      <object_component id="oc-7d">
         <name>.debug_line</name>
         <load_address>0x1392</load_address>
         <run_address>0x1392</run_address>
         <size>0x96</size>
         <input_file_ref idref="fl-cb"/>
      </object_component>
      <object_component id="oc-259">
         <name>.debug_line</name>
         <load_address>0x1428</load_address>
         <run_address>0x1428</run_address>
         <size>0x20</size>
         <input_file_ref idref="fl-cc"/>
      </object_component>
      <object_component id="oc-161">
         <name>.debug_line</name>
         <load_address>0x1448</load_address>
         <run_address>0x1448</run_address>
         <size>0xad</size>
         <input_file_ref idref="fl-cc"/>
      </object_component>
      <object_component id="oc-25b">
         <name>.debug_line</name>
         <load_address>0x14f5</load_address>
         <run_address>0x14f5</run_address>
         <size>0x20</size>
         <input_file_ref idref="fl-cd"/>
      </object_component>
      <object_component id="oc-163">
         <name>.debug_line</name>
         <load_address>0x1515</load_address>
         <run_address>0x1515</run_address>
         <size>0xa8</size>
         <input_file_ref idref="fl-cd"/>
      </object_component>
      <object_component id="oc-6c">
         <name>.debug_line</name>
         <load_address>0x15bd</load_address>
         <run_address>0x15bd</run_address>
         <size>0x33</size>
         <input_file_ref idref="fl-ce"/>
      </object_component>
      <object_component id="oc-5a">
         <name>.debug_line</name>
         <load_address>0x15f0</load_address>
         <run_address>0x15f0</run_address>
         <size>0x45</size>
         <input_file_ref idref="fl-ce"/>
      </object_component>
      <object_component id="oc-2c1">
         <name>.debug_line</name>
         <load_address>0x1635</load_address>
         <run_address>0x1635</run_address>
         <size>0x264</size>
         <input_file_ref idref="fl-cf"/>
      </object_component>
      <object_component id="oc-215">
         <name>.debug_line</name>
         <load_address>0x1899</load_address>
         <run_address>0x1899</run_address>
         <size>0x7a</size>
         <input_file_ref idref="fl-cf"/>
      </object_component>
      <object_component id="oc-286">
         <name>.debug_line</name>
         <load_address>0x1913</load_address>
         <run_address>0x1913</run_address>
         <size>0x51</size>
         <input_file_ref idref="fl-cf"/>
      </object_component>
      <object_component id="oc-28c">
         <name>.debug_line</name>
         <load_address>0x1964</load_address>
         <run_address>0x1964</run_address>
         <size>0x88</size>
         <input_file_ref idref="fl-cf"/>
      </object_component>
      <object_component id="oc-220">
         <name>.debug_line</name>
         <load_address>0x19ec</load_address>
         <run_address>0x19ec</run_address>
         <size>0x14d</size>
         <input_file_ref idref="fl-cf"/>
      </object_component>
      <object_component id="oc-293">
         <name>.debug_line</name>
         <load_address>0x1b39</load_address>
         <run_address>0x1b39</run_address>
         <size>0xee</size>
         <input_file_ref idref="fl-cf"/>
      </object_component>
      <object_component id="oc-299">
         <name>.debug_line</name>
         <load_address>0x1c27</load_address>
         <run_address>0x1c27</run_address>
         <size>0x5d</size>
         <input_file_ref idref="fl-cf"/>
      </object_component>
      <object_component id="oc-227">
         <name>.debug_line</name>
         <load_address>0x1c84</load_address>
         <run_address>0x1c84</run_address>
         <size>0x5c</size>
         <input_file_ref idref="fl-cf"/>
      </object_component>
      <object_component id="oc-22c">
         <name>.debug_line</name>
         <load_address>0x1ce0</load_address>
         <run_address>0x1ce0</run_address>
         <size>0xae</size>
         <input_file_ref idref="fl-cf"/>
      </object_component>
      <object_component id="oc-231">
         <name>.debug_line</name>
         <load_address>0x1d8e</load_address>
         <run_address>0x1d8e</run_address>
         <size>0x1b0</size>
         <input_file_ref idref="fl-cf"/>
      </object_component>
      <object_component id="oc-1bc">
         <name>.debug_line</name>
         <load_address>0x1f3e</load_address>
         <run_address>0x1f3e</run_address>
         <size>0x76f</size>
         <input_file_ref idref="fl-cf"/>
      </object_component>
      <object_component id="oc-24d">
         <name>.debug_line</name>
         <load_address>0x26ad</load_address>
         <run_address>0x26ad</run_address>
         <size>0x92</size>
         <input_file_ref idref="fl-cf"/>
      </object_component>
      <object_component id="oc-2c5">
         <name>.debug_line</name>
         <load_address>0x273f</load_address>
         <run_address>0x273f</run_address>
         <size>0x92</size>
         <input_file_ref idref="fl-cf"/>
      </object_component>
      <object_component id="oc-304">
         <name>.debug_line</name>
         <load_address>0x27d1</load_address>
         <run_address>0x27d1</run_address>
         <size>0x9a</size>
         <input_file_ref idref="fl-cf"/>
      </object_component>
      <object_component id="oc-2ca">
         <name>.debug_line</name>
         <load_address>0x286b</load_address>
         <run_address>0x286b</run_address>
         <size>0x97</size>
         <input_file_ref idref="fl-cf"/>
      </object_component>
      <object_component id="oc-252">
         <name>.debug_line</name>
         <load_address>0x2902</load_address>
         <run_address>0x2902</run_address>
         <size>0x2e</size>
         <input_file_ref idref="fl-cf"/>
      </object_component>
      <object_component id="oc-30c">
         <name>.debug_line</name>
         <load_address>0x2930</load_address>
         <run_address>0x2930</run_address>
         <size>0x20</size>
         <input_file_ref idref="fl-d0"/>
      </object_component>
      <object_component id="oc-2a3">
         <name>.debug_line</name>
         <load_address>0x2950</load_address>
         <run_address>0x2950</run_address>
         <size>0x5e</size>
         <input_file_ref idref="fl-d0"/>
      </object_component>
      <object_component id="oc-310">
         <name>.debug_line</name>
         <load_address>0x29ae</load_address>
         <run_address>0x29ae</run_address>
         <size>0x9a</size>
         <input_file_ref idref="fl-d0"/>
      </object_component>
      <object_component id="oc-2e8">
         <name>.debug_line</name>
         <load_address>0x2a48</load_address>
         <run_address>0x2a48</run_address>
         <size>0x97</size>
         <input_file_ref idref="fl-d0"/>
      </object_component>
      <object_component id="oc-314">
         <name>.debug_line</name>
         <load_address>0x2adf</load_address>
         <run_address>0x2adf</run_address>
         <size>0x9b</size>
         <input_file_ref idref="fl-d1"/>
      </object_component>
      <object_component id="oc-2a9">
         <name>.debug_line</name>
         <load_address>0x2b7a</load_address>
         <run_address>0x2b7a</run_address>
         <size>0x9c</size>
         <input_file_ref idref="fl-d1"/>
      </object_component>
      <object_component id="oc-2ef">
         <name>.debug_line</name>
         <load_address>0x2c16</load_address>
         <run_address>0x2c16</run_address>
         <size>0x48</size>
         <input_file_ref idref="fl-d2"/>
      </object_component>
      <object_component id="oc-267">
         <name>.debug_line</name>
         <load_address>0x2c5e</load_address>
         <run_address>0x2c5e</run_address>
         <size>0x81</size>
         <input_file_ref idref="fl-d3"/>
      </object_component>
      <object_component id="oc-90">
         <name>.debug_line</name>
         <load_address>0x2cdf</load_address>
         <run_address>0x2cdf</run_address>
         <size>0x79</size>
         <input_file_ref idref="fl-d4"/>
      </object_component>
      <object_component id="oc-280">
         <name>.debug_line</name>
         <load_address>0x2d58</load_address>
         <run_address>0x2d58</run_address>
         <size>0xd2</size>
         <input_file_ref idref="fl-d5"/>
      </object_component>
      <object_component id="oc-21d">
         <name>.debug_line</name>
         <load_address>0x2e2a</load_address>
         <run_address>0x2e2a</run_address>
         <size>0x77</size>
         <input_file_ref idref="fl-d6"/>
      </object_component>
      <object_component id="oc-271">
         <name>.debug_line</name>
         <load_address>0x2ea1</load_address>
         <run_address>0x2ea1</run_address>
         <size>0x77</size>
         <input_file_ref idref="fl-d6"/>
      </object_component>
      <object_component id="oc-26b">
         <name>.debug_line</name>
         <load_address>0x2f18</load_address>
         <run_address>0x2f18</run_address>
         <size>0x8e</size>
         <input_file_ref idref="fl-d7"/>
      </object_component>
      <object_component id="oc-278">
         <name>.debug_line</name>
         <load_address>0x2fa6</load_address>
         <run_address>0x2fa6</run_address>
         <size>0x5a</size>
         <input_file_ref idref="fl-d8"/>
      </object_component>
      <object_component id="oc-19d">
         <name>.debug_line</name>
         <load_address>0x3000</load_address>
         <run_address>0x3000</run_address>
         <size>0xbf</size>
         <input_file_ref idref="fl-d9"/>
      </object_component>
      <object_component id="oc-db">
         <name>.debug_line</name>
[...]
            <allocated_space>
               <start_address>0x0</start_address>
               <size>0x26c</size>
               <logical_group_ref idref="lg-3"/>
            </allocated_space>
            <allocated_space>
               <start_address>0x26c</start_address>
               <size>0x2840</size>
               <logical_group_ref idref="lg-4"/>
            </allocated_space>
            <allocated_space>
               <start_address>0x2aac</start_address>
               <size>0x109</size>
               <logical_group_ref idref="lg-5"/>
            </allocated_space>
            <available_space>
               <start_address>0x2bb5</start_address>
               <size>0x3</size>
            </available_space>
            <allocated_space>
               <start_address>0x2bb8</start_address>
               <size>0x48</size>
               <logical_group_ref idref="lg-6"/>
            </allocated_space>
            <available_space>
               <start_address>0x2c00</start_address>
               <size>0x3d400</size>
            </available_space>
         </usage_details>
      </memory_area>
      <memory_area display="yes" color="green">
         <name>SRAM</name>
         <page_id>0x0</page_id>
         <origin>0x20000000</origin>
         <length>0x8000</length>
         <used_space>0xad6</used_space>
         <unused_space>0x752a</unused_space>
         <attributes>RWX</attributes>
         <usage_details>
            <allocated_space>
               <start_address>0x20000000</start_address>
               <size>0x0</size>
               <logical_group_ref idref="lg-319"/>
            </allocated_space>
            <allocated_space>
               <start_address>0x20000000</start_address>
               <size>0x26c</size>
               <logical_group_ref idref="lg-9"/>
            </allocated_space>
            <available_space>
               <start_address>0x2000026c</start_address>
               <size>0x4</size>
            </available_space>
            <allocated_space>
               <start_address>0x20000270</start_address>
               <size>0x800</size>
               <logical_group_ref idref="lg-d"/>
            </allocated_space>
            <allocated_space>
               <start_address>0x20000a70</start_address>
               <size>0x5c</size>
               <logical_group_ref idref="lg-b"/>
            </allocated_space>
            <allocated_space>
               <start_address>0x20000acc</start_address>
               <size>0xe</size>
               <logical_group_ref idref="lg-a"/>
            </allocated_space>
            <available_space>
               <start_address>0x20000ada</start_address>
               <size>0x7526</size>
            </available_space>
         </usage_details>
      </memory_area>
   </placement_map>
   <cptbl_list>
      <cptbl>
         <name>__TI_cinit_table</name>
         <cprec>
            <name>.data</name>
            <load_address>0x2bb8</load_address>
            <load_size>0xf</load_size>
            <run_address>0x20000acc</run_address>
            <run_size>0xe</run_size>
            <compression>lzss</compression>
         </cprec>
         <cprec>
            <name>.bss</name>
            <load_address>0x2bd8</load_address>
            <load_size>0x8</load_size>
            <run_address>0x20000a70</run_address>
            <run_size>0x5c</run_size>
            <compression>zero_init</compression>
         </cprec>
         <cprec>
            <name>.vtable</name>
            <load_address>0x2be0</load_address>
            <load_size>0x8</load_size>
            <run_address>0x20000000</run_address>
            <run_size>0x26c</run_size>
            <compression>zero_init</compression>
         </cprec>
      </cptbl>
   </cptbl_list>
   <handler_table>
      <handler_table_name>__TI_handler_table</handler_table_name>
      <handler>
         <index>0x0</index>
         <name>__TI_zero_init</name>
      </handler>
      <handler>
         <index>0x1</index>
         <name>__TI_decompress_lzss</name>
      </handler>
      <handler>
         <index>0x2</index>
         <name>__TI_decompress_none</name>
      </handler>
   </handler_table>
   <symbol_table>
      <symbol id="sm-1">
         <name>__STACK_TOP</name>
         <value>0x20000470</value>
      </symbol>
      <symbol id="sm-2">
         <name>__start___llvm_prf_cnts</name>
         <value>0x20000000</value>
      </symbol>
      <symbol id="sm-3">
         <name>__stop___llvm_prf_cnts</name>
         <value>0x20000000</value>
      </symbol>
      <symbol id="sm-4">
         <name>__TI_CINIT_Base</name>
         <value>0x2be8</value>
      </symbol>
      <symbol id="sm-5">
         <name>__TI_CINIT_Limit</name>
         <value>0x2c00</value>
      </symbol>
      <symbol id="sm-6">
         <name>__TI_Handler_Table_Base</name>
         <value>0x2bc8</value>
      </symbol>
      <symbol id="sm-7">
         <name>__TI_Handler_Table_Limit</name>
         <value>0x2bd4</value>
      </symbol>
      <symbol id="sm-8">
         <name>binit</name>
         <value>0xffffffff</value>
      </symbol>
      <symbol id="sm-9">
         <name>__binit__</name>
         <value>0xffffffff</value>
      </symbol>
      <symbol id="sm-a">
         <name>__STACK_SIZE</name>
         <value>0x800</value>
      </symbol>
      <symbol id="sm-b">
         <name>__STACK_END</name>
         <value>0x20000a70</value>
      </symbol>
      <symbol id="sm-c">
         <name>__c_args__</name>
         <value>0xffffffff</value>
      </symbol>
      <symbol id="sm-d">
         <name>__TI_pprof_out_hndl</name>
         <value>0xffffffff</value>
      </symbol>
      <symbol id="sm-e">
         <name>__TI_prof_data_start</name>
         <value>0xffffffff</value>
      </symbol>
      <symbol id="sm-f">
         <name>__TI_prof_data_size</name>
         <value>0xffffffff</value>
      </symbol>
      <symbol id="sm-75">
         <name>_timeout_ticks</name>
         <value>0x20000ac4</value>
      </symbol>
      <symbol id="sm-76">
         <name>timer_pause</name>
         <value>0x12f7</value>
         <object_component_ref idref="oc-10b"/>
      </symbol>
      <symbol id="sm-77">
         <name>timer_resume</name>
         <value>0x1309</value>
         <object_component_ref idref="oc-10b"/>
      </symbol>
      <symbol id="sm-78">
         <name>timer_getMillis</name>
         <value>0x131b</value>
         <object_component_ref idref="oc-10b"/>
      </symbol>
      <symbol id="sm-79">
         <name>_running</name>
         <value>0x20000ad8</value>
         <object_component_ref idref="oc-14a"/>
      </symbol>
      <symbol id="sm-7a">
         <name>timer_init</name>
         <value>0x1255</value>
         <object_component_ref idref="oc-10b"/>
      </symbol>
      <symbol id="sm-7b">
         <name>timer_stop</name>
         <value>0x12cd</value>
         <object_component_ref idref="oc-10b"/>
      </symbol>
      <symbol id="sm-7c">
         <name>timer_getMicros</name>
         <value>0x1373</value>
         <object_component_ref idref="oc-10b"/>
      </symbol>
      <symbol id="sm-7d">
         <name>timer_waitMillis</name>
         <value>0x13ff</value>
         <object_component_ref idref="oc-10b"/>
      </symbol>
      <symbol id="sm-7e">
         <name>timer_waitMicros</name>
         <value>0x13cd</value>
         <object_component_ref idref="oc-10b"/>
      </symbol>
      <symbol id="sm-98">
         <name>button_getButton</name>
         <value>0x248d</value>
         <object_component_ref idref="oc-11d"/>
      </symbol>
      <symbol id="sm-99">
         <name>button_init</name>
         <value>0x2461</value>
         <object_component_ref idref="oc-11d"/>
      </symbol>
      <symbol id="sm-e0">
         <name>lcd_sendCommand</name>
         <value>0xe0f</value>
         <object_component_ref idref="oc-111"/>
      </symbol>
      <symbol id="sm-e1">
         <name>lcd_sendNibble</name>
         <value>0xe4d</value>
         <object_component_ref idref="oc-111"/>
      </symbol>
      <symbol id="sm-e2">
         <name>lcd_clear</name>
         <value>0x2a69</value>
         <object_component_ref idref="oc-14f"/>
      </symbol>
      <symbol id="sm-e3">
         <name>lcd_printf</name>
         <value>0xef7</value>
         <object_component_ref idref="oc-111"/>
      </symbol>
      <symbol id="sm-e4">
         <name>lcd_setCursorPos</name>
         <value>0xeb9</value>
         <object_component_ref idref="oc-111"/>
      </symbol>
      <symbol id="sm-e5">
         <name>lcd_init</name>
         <value>0xcf9</value>
         <object_component_ref idref="oc-111"/>
      </symbol>
      <symbol id="sm-e6">
         <name>lcd_puts</name>
         <value>0xdf1</value>
         <object_component_ref idref="oc-111"/>
      </symbol>
      <symbol id="sm-e7">
         <name>lcd_putc</name>
         <value>0xdb9</value>
         <object_component_ref idref="oc-111"/>
      </symbol>
      <symbol id="sm-e8">
         <name>lcd_reverseNibble</name>
         <value>0xcbd</value>
         <object_component_ref idref="oc-111"/>
      </symbol>
      <symbol id="sm-e9">
         <name>lcd_gotoLine</name>
         <value>0xe91</value>
         <object_component_ref idref="oc-111"/>
      </symbol>
      <symbol id="sm-fe">
         <name>currentAngle</name>
         <value>0x20000ac8</value>
      </symbol>
      <symbol id="sm-ff">
         <name>right_calibration_value</name>
         <value>0x20000acc</value>
         <object_component_ref idref="oc-188"/>
      </symbol>
      <symbol id="sm-100">
         <name>left_calibration_value</name>
         <value>0x20000ad0</value>
         <object_component_ref idref="oc-188"/>
      </symbol>
      <symbol id="sm-101">
         <name>main</name>
         <value>0x2a93</value>
         <object_component_ref idref="oc-9b"/>
      </symbol>
      <symbol id="sm-128">
         <name>servo_calibration</name>
         <value>0x19bd</value>
         <object_component_ref idref="oc-c4"/>
      </symbol>
      <symbol id="sm-14e">
         <name>servo_move1</name>
         <value>0x18b5</value>
         <object_component_ref idref="oc-117"/>
      </symbol>
      <symbol id="sm-14f">
         <name>degrees_to_match</name>
         <value>0x1925</value>
         <object_component_ref idref="oc-117"/>
      </symbol>
      <symbol id="sm-150">
         <name>servo_init1</name>
         <value>0x1825</value>
         <object_component_ref idref="oc-117"/>
      </symbol>
      <symbol id="sm-16c">
         <name>ResetISR</name>
         <value>0x2a87</value>
         <object_component_ref idref="oc-27"/>
      </symbol>
      <symbol id="sm-16d">
         <name>g_pfnVectors</name>
         <value>0x0</value>
         <object_component_ref idref="oc-12"/>
      </symbol>
      <symbol id="sm-19c">
         <name>vsnprintf</name>
         <value>0x2851</value>
         <object_component_ref idref="oc-156"/>
      </symbol>
      <symbol id="sm-1b0">
         <name>__aeabi_ddiv</name>
         <value>0x1c8d</value>
         <object_component_ref idref="oc-177"/>
      </symbol>
      <symbol id="sm-1bc">
         <name>__aeabi_d2f</name>
         <value>0x2543</value>
         <object_component_ref idref="oc-17c"/>
      </symbol>
      <symbol id="sm-1c6">
         <name>__aeabi_i2d</name>
         <value>0x2969</value>
         <object_component_ref idref="oc-172"/>
      </symbol>
      <symbol id="sm-1e1">
         <name>memcpy</name>
         <value>0x21a7</value>
         <object_component_ref idref="oc-3b"/>
      </symbol>
      <symbol id="sm-1e2">
         <name>__aeabi_memcpy</name>
         <value>0x21a7</value>
         <object_component_ref idref="oc-3b"/>
      </symbol>
      <symbol id="sm-1e3">
         <name>__aeabi_memcpy8</name>
         <value>0x21a7</value>
         <object_component_ref idref="oc-3b"/>
      </symbol>
      <symbol id="sm-1e4">
         <name>__aeabi_memcpy4</name>
         <value>0x21a7</value>
         <object_component_ref idref="oc-3b"/>
      </symbol>
      <symbol id="sm-1fd">
         <name>__TI_zero_init_nomemset</name>
         <value>0x2997</value>
         <object_component_ref idref="oc-47"/>
      </symbol>
      <symbol id="sm-214">
         <name>__TI_decompress_none</name>
         <value>0x2a79</value>
         <object_component_ref idref="oc-1b"/>
      </symbol>
      <symbol id="sm-237">
         <name>__TI_decompress_lzss</name>
         <value>0x25b1</value>
         <object_component_ref idref="oc-15"/>
      </symbol>
      <symbol id="sm-246">
         <name>strcmp</name>
         <value>0x2a01</value>
         <object_component_ref idref="oc-15c"/>
      </symbol>
      <symbol id="sm-254">
         <name>strcpy</name>
         <value>0x2a2f</value>
         <object_component_ref idref="oc-162"/>
      </symbol>
      <symbol id="sm-267">
         <name>__stack</name>
         <value>0x20000270</value>
         <object_component_ref idref="oc-24"/>
      </symbol>
      <symbol id="sm-268">
         <name>_c_int00_noargs</name>
         <value>0x2905</value>
         <object_component_ref idref="oc-59"/>
      </symbol>
      <symbol id="sm-3cd">
         <name>__TI_printfi</name>
         <value>0x26d</value>
         <object_component_ref idref="oc-1bb"/>
      </symbol>
      <symbol id="sm-3ed">
         <name>frexpl</name>
         <value>0x2619</value>
         <object_component_ref idref="oc-29f"/>
      </symbol>
      <symbol id="sm-3ee">
         <name>frexp</name>
         <value>0x2619</value>
         <object_component_ref idref="oc-29f"/>
      </symbol>
      <symbol id="sm-40b">
         <name>scalbn</name>
         <value>0x1ee9</value>
         <object_component_ref idref="oc-2a5"/>
      </symbol>
      <symbol id="sm-40c">
         <name>scalbnl</name>
         <value>0x1ee9</value>
         <object_component_ref idref="oc-2a5"/>
      </symbol>
      <symbol id="sm-40d">
         <name>ldexpl</name>
         <value>0x1ee9</value>
         <object_component_ref idref="oc-2a5"/>
      </symbol>
      <symbol id="sm-40e">
         <name>ldexp</name>
         <value>0x1ee9</value>
         <object_component_ref idref="oc-2a5"/>
      </symbol>
      <symbol id="sm-418">
         <name>copysign</name>
         <value>0x29cf</value>
         <object_component_ref idref="oc-2ea"/>
      </symbol>
      <symbol id="sm-419">
         <name>copysignl</name>
         <value>0x29cf</value>
         <object_component_ref idref="oc-2ea"/>
      </symbol>
      <symbol id="sm-426">
         <name>__aeabi_uldivmod</name>
         <value>0x2243</value>
         <object_component_ref idref="oc-263"/>
      </symbol>
      <symbol id="sm-435">
         <name>__aeabi_memset</name>
         <value>0x23e7</value>
         <object_component_ref idref="oc-8f"/>
      </symbol>
      <symbol id="sm-436">
         <name>memset</name>
         <value>0x23ed</value>
         <object_component_ref idref="oc-8f"/>
      </symbol>
      <symbol id="sm-437">
         <name>__aeabi_memset8</name>
         <value>0x23e7</value>
         <object_component_ref idref="oc-8f"/>
      </symbol>
      <symbol id="sm-438">
         <name>__aeabi_memset4</name>
         <value>0x23e7</value>
         <object_component_ref idref="oc-8f"/>
      </symbol>
      <symbol id="sm-439">
         <name>__aeabi_memclr8</name>
         <value>0x23e5</value>
         <object_component_ref idref="oc-8f"/>
      </symbol>
      <symbol id="sm-43a">
         <name>__aeabi_memclr4</name>
         <value>0x23e5</value>
         <object_component_ref idref="oc-8f"/>
      </symbol>
      <symbol id="sm-43b">
         <name>__aeabi_memclr</name>
         <value>0x23e5</value>
         <object_component_ref idref="oc-8f"/>
      </symbol>
      <symbol id="sm-452">
         <name>__aeabi_dsub</name>
         <value>0x166d</value>
         <object_component_ref idref="oc-27f"/>
      </symbol>
      <symbol id="sm-453">
         <name>__aeabi_dadd</name>
         <value>0x1677</value>
         <object_component_ref idref="oc-27f"/>
      </symbol>
      <symbol id="sm-475">
         <name>__aeabi_cdcmpeq</name>
         <value>0x22d9</value>
         <object_component_ref idref="oc-219"/>
      </symbol>
      <symbol id="sm-476">
         <name>__aeabi_cdcmple</name>
         <value>0x22d9</value>
         <object_component_ref idref="oc-219"/>
      </symbol>
      <symbol id="sm-477">
         <name>__aeabi_cdrcmple</name>
         <value>0x235f</value>
         <object_component_ref idref="oc-26f"/>
      </symbol>
      <symbol id="sm-482">
         <name>__aeabi_dmul</name>
         <value>0x1ff9</value>
         <object_component_ref idref="oc-26a"/>
      </symbol>
      <symbol id="sm-48c">
         <name>__aeabi_d2iz</name>
         <value>0x27c5</value>
         <object_component_ref idref="oc-274"/>
      </symbol>
      <symbol id="sm-4b4">
         <name>__TI_auto_init_nobinit_nopinit</name>
         <value>0x280d</value>
         <object_component_ref idref="oc-d7"/>
      </symbol>
      <symbol id="sm-4be">
         <name>_system_pre_init</name>
         <value>0x2aa5</value>
         <object_component_ref idref="oc-95"/>
      </symbol>
      <symbol id="sm-4ca">
         <name>C$$EXIT</name>
         <value>0x2aa9</value>
         <object_component_ref idref="oc-cb"/>
      </symbol>
      <symbol id="sm-4cb">
         <name>abort</name>
         <value>0x2aa9</value>
         <object_component_ref idref="oc-cb"/>
      </symbol>
      <symbol id="sm-4db">
         <name>__TI_ltoa</name>
         <value>0x26d3</value>
         <object_component_ref idref="oc-279"/>
      </symbol>
      <symbol id="sm-4f2">
         <name>atoi</name>
         <value>0x2779</value>
         <object_component_ref idref="oc-20d"/>
      </symbol>
      <symbol id="sm-4fd">
         <name>_ctypes_</name>
         <value>0x2aac</value>
         <object_component_ref idref="oc-25e"/>
      </symbol>
      <symbol id="sm-50d">
         <name>memccpy</name>
         <value>0x29b3</value>
         <object_component_ref idref="oc-236"/>
      </symbol>
      <symbol id="sm-51d">
         <name>strchr</name>
         <value>0x2a19</value>
         <object_component_ref idref="oc-2ab"/>
      </symbol>
      <symbol id="sm-52b">
         <name>strlen</name>
         <value>0x2a43</value>
         <object_component_ref idref="oc-207"/>
      </symbol>
      <symbol id="sm-541">
         <name>__aeabi_errno_addr</name>
         <value>0x2a9d</value>
         <object_component_ref idref="oc-242"/>
      </symbol>
      <symbol id="sm-542">
         <name>errno</name>
         <value>0x20000ad4</value>
         <object_component_ref idref="oc-2bb"/>
      </symbol>
      <symbol id="sm-55b">
         <name>wcslen</name>
         <value>0x2a57</value>
         <object_component_ref idref="oc-23c"/>
      </symbol>
      <symbol id="sm-565">
         <name>__aeabi_idiv0</name>
         <value>0xcbb</value>
         <object_component_ref idref="oc-2d3"/>
      </symbol>
      <symbol id="sm-566">
         <name>__aeabi_ldiv0</name>
         <value>0xcbb</value>
         <object_component_ref idref="oc-2d3"/>
      </symbol>
      <symbol id="sm-587">
         <name>IntRegister</name>
         <value>0x28d1</value>
         <object_component_ref idref="oc-144"/>
      </symbol>
      <symbol id="sm-588">
         <name>g_pfnRAMVectors</name>
         <value>0x20000000</value>
         <object_component_ref idref="oc-1af"/>
      </symbol>
      <symbol id="sm-58a">
         <name>__TI_static_base__</name>
         <value>0x0</value>
      </symbol>
      <symbol id="sm-58d">
         <name>__mpu_init</name>
         <value>0x0</value>
      </symbol>
      <symbol id="sm-58e">
         <name>_system_post_cinit</name>
         <value>0x0</value>
      </symbol>
   </symbol_table>
   <title>Link successful</title>
</link_info>
